PS F:\tracverse\server> npm run dev

> server@1.0.0 dev
> nodemon server.js

[nodemon] 3.1.10
[nodemon] to restart at any time, enter `rs`
[nodemon] watching path(s): *.*
[nodemon] watching extensions: js,mjs,cjs,json
[nodemon] starting `node server.js`
[dotenv@17.2.3] injecting env (8) from .env -- tip: ✅ audit secrets and track compliance: https://dotenvx.com/ops
[dotenv@17.2.3] injecting env (0) from .env -- tip: 🗂️ backup and recover secrets: https://dotenvx.com/ops
=================================
🚀 Tracverse API Server Started
=================================
📡 Server running on port 3001
🌐 Local: http://localhost:3001
💚 Health check: http://localhost:3001/health
=================================
2025-10-07T04:23:34.077Z - POST /api/auth-mock/login
2025-10-07T04:23:40.793Z - GET /api/users/profile
Profile fetch error: Error: @supabase/auth-js: Expected parameter to be UUID but is not
    at validateUUID (F:\tracverse\server\node_modules\@supabase\auth-js\dist\main\lib\helpers.js:337:15)
    at GoTrueAdminApi.getUserById (F:\tracverse\server\node_modules\@supabase\auth-js\dist\main\GoTrueAdminApi.js:178:36)
    at F:\tracverse\server\routes\users.js:17:76
    at Layer.handleRequest (F:\tracverse\server\node_modules\router\lib\layer.js:152:17)
    at next (F:\tracverse\server\node_modules\router\lib\route.js:157:13)
    at authenticateToken (F:\tracverse\server\middleware\auth.js:14:5)
    at Layer.handleRequest (F:\tracverse\server\node_modules\router\lib\layer.js:152:17)
    at next (F:\tracverse\server\node_modules\router\lib\route.js:157:13)
    at Route.dispatch (F:\tracverse\server\node_modules\router\lib\route.js:117:3)
    at handle (F:\tracverse\server\node_modules\router\index.js:435:11)
2025-10-07T04:23:40.862Z - GET /api/commissions-mock
2025-10-07T04:23:40.949Z - GET /api/referrals-mock
2025-10-07T04:23:41.393Z - GET /api/users/profile
Profile fetch error: Error: @supabase/auth-js: Expected parameter to be UUID but is not
    at validateUUID (F:\tracverse\server\node_modules\@supabase\auth-js\dist\main\lib\helpers.js:337:15)
    at GoTrueAdminApi.getUserById (F:\tracverse\server\node_modules\@supabase\auth-js\dist\main\GoTrueAdminApi.js:178:36)
    at F:\tracverse\server\routes\users.js:17:76
    at Layer.handleRequest (F:\tracverse\server\node_modules\router\lib\layer.js:152:17)
    at next (F:\tracverse\server\node_modules\router\lib\route.js:157:13)
    at authenticateToken (F:\tracverse\server\middleware\auth.js:14:5)
    at Layer.handleRequest (F:\tracverse\server\node_modules\router\lib\layer.js:152:17)
    at next (F:\tracverse\server\node_modules\router\lib\route.js:157:13)
    at Route.dispatch (F:\tracverse\server\node_modules\router\lib\route.js:117:3)
    at handle (F:\tracverse\server\node_modules\router\index.js:435:11)
2025-10-07T04:23:42.279Z - GET /api/commissions-mock
2025-10-07T04:23:42.871Z - GET /api/referrals-mock